// Jest Snapshot v1, https://goo.gl/fbAQLP

exports[`DndConteiner DndConteiner snapshot 1`] = `
<div
  style={
    Object {
      "margin": "0px auto",
      "width": 330,
    }
  }
>
  <div
    style={
      Object {
        "backgroundColor": "white",
        "border": "1px dashed gray",
        "cursor": "move",
        "display": "block",
        "margin": "5px auto",
        "opacity": 1,
        "padding": "5px",
      }
    }
  >
    <div>
      Moscow
    </div>
  </div>
  <div
    style={
      Object {
        "backgroundColor": "white",
        "border": "1px dashed gray",
        "cursor": "move",
        "display": "block",
        "margin": "5px auto",
        "opacity": 1,
        "padding": "5px",
      }
    }
  >
    <div>
      Piter
    </div>
  </div>
</div>
`;
