// Jest Snapshot v1, https://goo.gl/fbAQLP

exports[`Map Map snapshot 1`] = `
<div
  style={
    Object {
      "display": "inline-block",
      "height": "500px",
      "width": "800px",
    }
  }
/>
`;
