// Jest Snapshot v1, https://goo.gl/fbAQLP

exports[`InputPlaceName InputPlaceName snapshot 1`] = `
<input
  className="input"
  id="NewPlaceName"
  onChange={[Function]}
  onKeyUp={[Function]}
  placeholder="Введите название места и нажмите 'Enter'"
  type="text"
  value=""
/>
`;
